A51 MACRO ASSEMBLER  PIANO                                                                03/21/2017 23:30:42 PAGE     1


MACRO ASSEMBLER A51 V8.02c
OBJECT MODULE PLACED IN .\Objects\Piano.obj
ASSEMBLER INVOKED BY: C:\Keil_v5\C51\BIN\A51.EXE Piano.a51 SET(SMALL) DEBUG PRINT(.\Listings\Piano.lst) OBJECT(.\Objects
                      \Piano.obj) EP

LOC  OBJ            LINE     SOURCE

                       1                             ;Group          #53
                       2             ;Ahmed Mohamed El-Halawany              2689
                       3             ;Farida Adham Abd El-Hady               2616
                       4             
0000                   5                     ORG             0H
0000 7590FF            6                     MOV             P1,#0FFH
0003 309014            7      HERE:  JNB     P1.0,C_LOOP
0006 30911F            8                     JNB     P1.1,D_LOOP
0009 30922A            9                     JNB     P1.2,E_LOOP
000C 309335           10                     JNB     P1.3,F_LOOP
000F 309440           11                     JNB     P1.4,G_LOOP
0012 30954B           12                     JNB     P1.5,A_LOOP
0015 309656           13                     JNB     P1.6,B_LOOP
0018 80E9             14                     SJMP    HERE
                      15                     
001A C2A0             16      C_LOOP:CLR             P2.0
001C 117C             17                     ACALL   C_Tone
001E 7E01             18                     MOV     R6,#1
0020 DEFE             19      LOOPC: DJNZ    R6,LOOPC
0022 D2A0             20                     SETB    P2.0
0024 117C             21                     ACALL   C_Tone
0026 80DB             22                     SJMP    HERE
                      23                     
0028 C2A0             24      D_LOOP:CLR             P2.0
002A 1185             25                     ACALL   D_Tone
002C 7E02             26                     MOV     R6,#2
002E DEFE             27      LOOPD: DJNZ    R6,LOOPD
0030 D2A0             28                     SETB    P2.0
0032 1185             29                     ACALL   D_Tone
0034 80CD             30                     SJMP    HERE
                      31                     
0036 C2A0             32      E_LOOP:CLR             P2.0
0038 118E             33                     ACALL   E_Tone
003A 7E03             34                     MOV     R6,#3
003C DEFE             35      LOOPE: DJNZ    R6,LOOPE
003E D2A0             36                     SETB    P2.0
0040 118E             37                     ACALL   E_Tone
0042 80BF             38                     SJMP    HERE
                      39                     
0044 C2A0             40      F_LOOP:CLR             P2.0
0046 1197             41                     ACALL   F_Tone
0048 7E04             42                     MOV     R6,#4
004A DEFE             43      LOOPF: DJNZ    R6,LOOPF
004C D2A0             44                     SETB    P2.0
004E 1197             45                     ACALL   F_Tone
0050 80B1             46                     SJMP    HERE
                      47                     
0052 C2A0             48      G_LOOP:CLR             P2.0
0054 11A0             49                     ACALL   G_Tone
0056 7E06             50                     MOV     R6,#6
0058 DEFE             51      LOOPG: DJNZ    R6,LOOPG
005A D2A0             52                     SETB    P2.0
005C 11A0             53                     ACALL   G_Tone
005E 80A3             54                     SJMP    HERE
                      55                     
0060 C2A0             56      A_LOOP:CLR     P2.0
0062 11AA             57                     ACALL   A_Tone
A51 MACRO ASSEMBLER  PIANO                                                                03/21/2017 23:30:42 PAGE     2

0064 7E07             58                     MOV     R6,#7
0066 DEFE             59      LOOPA: DJNZ    R6,LOOPA
0068 D2A0             60                     SETB    P2.0
006A 11AA             61                     ACALL   A_Tone
006C 8095             62                     SJMP    HERE
                      63                     
006E C2A0             64      B_LOOP:CLR     P2.0
0070 11B3             65                     ACALL   B_Tone
0072 7E07             66                     MOV     R6,#7
0074 DEFE             67      LOOPB: DJNZ    R6,LOOPB
0076 D2A0             68                     SETB    P2.0
0078 11B3             69                     ACALL   B_Tone
007A 8087             70                     SJMP    HERE
                      71                     
007C                  72      C_Tone:
007C 7D13             73                     MOV     R5,#19
007E 7E5B             74      LOOP1C:MOV     R6,#91
0080 DEFE             75      LOOP2C:DJNZ    R6,LOOP2C
0082 DDFA             76                     DJNZ    R5,LOOP1C
0084 22               77                     RET
0085                  78      D_Tone:
0085 7D15             79                     MOV     R5,#21
0087 7E49             80      LOOP1D:MOV     R6,#73
0089 DEFE             81      LOOP2D:DJNZ    R6,LOOP2D
008B DDFA             82                     DJNZ    R5,LOOP1D
008D 22               83                     RET
008E                  84      E_Tone:
008E 7D20             85                     MOV     R5,#32
0090 7E2A             86      LOOP1E:MOV     R6,#42
0092 DEFE             87      LOOP2E:DJNZ    R6,LOOP2E
0094 DDFA             88                     DJNZ    R5,LOOP1E
0096 22               89                     RET
0097                  90      F_Tone:
0097 7D19             91                     MOV     R5,#25
0099 7E33             92      LOOP1F:MOV     R6,#51
009B DEFE             93      LOOP2F:DJNZ    R6,LOOP2F
009D DDFA             94                     DJNZ    R5,LOOP1F
009F 22               95                     RET
00A0                  96      G_Tone:
00A0 7D2C             97                     MOV     R5,#44
00A2 7E19             98      LOOP1G:MOV     R6,#25
00A4 DEFE             99      LOOP2G:DJNZ    R6,LOOP2G
00A6 DDFA            100                     DJNZ    R5,LOOP1G
00A8 00              101                     NOP
00A9 22              102                     RET
00AA                 103      A_Tone:
00AA 7D19            104                     MOV     R5,#25
00AC 7E28            105      LOOP1A:MOV     R6,#40
00AE DEFE            106      LOOP2A:DJNZ    R6,LOOP2A
00B0 DDFA            107                     DJNZ    R5,LOOP1A
00B2 22              108                     RET
00B3                 109      B_Tone:
00B3 7D05            110                     MOV     R5,#5
00B5 7EB7            111      LOOP1B:MOV     R6,#183
00B7 DEFE            112      LOOP2B:DJNZ    R6,LOOP2B
00B9 DDFA            113                     DJNZ    R5,LOOP1B
00BB 00              114                     NOP
00BC 22              115                     RET
                     116                     END
A51 MACRO ASSEMBLER  PIANO                                                                03/21/2017 23:30:42 PAGE     3

SYMBOL TABLE LISTING
------ ----- -------


N A M E             T Y P E  V A L U E   ATTRIBUTES

A_LOOP . . . . . .  C ADDR   0060H   A   
A_TONE . . . . . .  C ADDR   00AAH   A   
B_LOOP . . . . . .  C ADDR   006EH   A   
B_TONE . . . . . .  C ADDR   00B3H   A   
C_LOOP . . . . . .  C ADDR   001AH   A   
C_TONE . . . . . .  C ADDR   007CH   A   
D_LOOP . . . . . .  C ADDR   0028H   A   
D_TONE . . . . . .  C ADDR   0085H   A   
E_LOOP . . . . . .  C ADDR   0036H   A   
E_TONE . . . . . .  C ADDR   008EH   A   
F_LOOP . . . . . .  C ADDR   0044H   A   
F_TONE . . . . . .  C ADDR   0097H   A   
G_LOOP . . . . . .  C ADDR   0052H   A   
G_TONE . . . . . .  C ADDR   00A0H   A   
HERE . . . . . . .  C ADDR   0003H   A   
LOOP1A . . . . . .  C ADDR   00ACH   A   
LOOP1B . . . . . .  C ADDR   00B5H   A   
LOOP1C . . . . . .  C ADDR   007EH   A   
LOOP1D . . . . . .  C ADDR   0087H   A   
LOOP1E . . . . . .  C ADDR   0090H   A   
LOOP1F . . . . . .  C ADDR   0099H   A   
LOOP1G . . . . . .  C ADDR   00A2H   A   
LOOP2A . . . . . .  C ADDR   00AEH   A   
LOOP2B . . . . . .  C ADDR   00B7H   A   
LOOP2C . . . . . .  C ADDR   0080H   A   
LOOP2D . . . . . .  C ADDR   0089H   A   
LOOP2E . . . . . .  C ADDR   0092H   A   
LOOP2F . . . . . .  C ADDR   009BH   A   
LOOP2G . . . . . .  C ADDR   00A4H   A   
LOOPA. . . . . . .  C ADDR   0066H   A   
LOOPB. . . . . . .  C ADDR   0074H   A   
LOOPC. . . . . . .  C ADDR   0020H   A   
LOOPD. . . . . . .  C ADDR   002EH   A   
LOOPE. . . . . . .  C ADDR   003CH   A   
LOOPF. . . . . . .  C ADDR   004AH   A   
LOOPG. . . . . . .  C ADDR   0058H   A   
P1 . . . . . . . .  D ADDR   0090H   A   
P2 . . . . . . . .  D ADDR   00A0H   A   


REGISTER BANK(S) USED: 0 


ASSEMBLY COMPLETE.  0 WARNING(S), 0 ERROR(S)
